/Users/ebonura/Desktop/Bonnie Studios/MoMask/momask-codes/models/mask_transformer/transformer.py:646: UserWarning: enable_nested_tensor is True, but self.use_nested_tensor is False because encoder_layer.self_attn.batch_first was not True(use batch_first for better inference performance)
  self.seqTransEncoder = nn.TransformerEncoder(seqTransEncoderLayer,
/Users/ebonura/Desktop/Bonnie Studios/MoMask/momask-codes/models/mask_transformer/transformer.py:116: UserWarning: enable_nested_tensor is True, but self.use_nested_tensor is False because encoder_layer.self_attn.batch_first was not True(use batch_first for better inference performance)
  self.seqTransEncoder = nn.TransformerEncoder(seqTransEncoderLayer,
------------ Options -------------
batch_size: 32
checkpoints_dir: ./checkpoints
cond_scale: 4
dataset_name: t2m
dropout: 0.2
ext: psoxide_cortex_polish_heavy_v1
ff_size: 1024
force_mask: False
gpu_id: -1
gumbel_sample: False
is_train: False
latent_dim: 384
mask_edit_section: None
max_motion_length: 196
motion_length: 0
n_heads: 6
n_layers: 8
name: t2m_nlayer8_nhead6_ld384_ff1024_cdp0.1_rvq6ns
num_batch: 2
repeat_times: 1
res_name: tres_nlayer8_ld384_ff1024_rvq6ns_cdp0.2_sw
seed: 260905
source_motion: example_data/000612.npy
temperature: 1.0
text_path: /Users/ebonura/Desktop/repos/PSoXide-cortex-polish/editor/projects/cortex-ignition-tech-demo-0.4b/review/souls-polish/heavy-motion-candidates/prompts.txt
text_prompt: 
time_steps: 18
topkr: 0.9
unit_length: 4
use_res_model: False
vq_name: rvq_nq1_dc512_nc512
which_epoch: latest
-------------- End ----------------
Reading ./checkpoints/t2m/t2m_nlayer8_nhead6_ld384_ff1024_cdp0.1_rvq6ns/opt.txt
Reading ./checkpoints/t2m/rvq_nq6_dc512_nc512_noshare_qdp0.2/opt.txt
Loading VQ Model rvq_nq6_dc512_nc512_noshare_qdp0.2 Completed!
Reading ./checkpoints/t2m/tres_nlayer8_ld384_ff1024_rvq6ns_cdp0.2_sw/opt.txt
latent_dim: 384, ff_size: 1024, nlayers: 8, nheads: 6, dropout: 0.2
Loading CLIP...
Loading Residual Transformer tres_nlayer8_ld384_ff1024_rvq6ns_cdp0.2_sw from epoch 440!
latent_dim: 384, ff_size: 1024, nlayers: 8, nheads: 6, dropout: 0.2
Loading CLIP...
Loading Transformer t2m_nlayer8_nhead6_ld384_ff1024_cdp0.1_rvq6ns from epoch 464!
Loading Length Estimator from epoch 11!
Since no motion length are specified, we will use estimated motion lengthes!!
-->Repeat 0
---->Sample 0: A large heavy person stands planted, notices a threat ahead, raises their head and shoulders, spreads their arms slightly and braces to fight without moving their feet. 120
---->Sample 1: A large heavy person stands upright and makes small alternating steps in place, slowly shifting their weight from side to side while keeping their torso facing forward. 156
