[cli] loaded poll-bound input tape editor/archive/fixtures/cortex-0.4/whole-level.pxtape (5083 polls, starting at poll 177)
[frontend] embedded Play disc fast-booted editor/projects/cortex-ignition-tech-demo-0.4b/baked/cortex_ignition_tech_demo_0_4b.cue via PSX.EXE;1 entry=0x80010000 payload=1132544B
[cli] mounted cue-backed disc editor/projects/cortex-ignition-tech-demo-0.4b/baked/cortex_ignition_tech_demo_0_4b.cue
[guest f1972 c1316936298] player lock:on
combat music:on
[guest f2067 c1371257841] player attack:start
[guest f2102 c1391916917] enemy poise:break
[guest f2174 c1432899662] player attack:start
[guest f2207 c1451837400] enemy projectile:release
[guest f2239 c1469388611] enemy poise:break
[guest f2323 c1518100920] player poise:break
[guest f2338 c1526335882] player stance:swap
[guest f2374 c1546322290] player attack:start
[guest f2438 c1583595528] enemy poise:break
[guest f2528 c1634378847] player attack:start
[guest f2592 c1671269179] enemy poise:break
[guest f2652 c1705385633] player attack:start
[guest f2673 c1717202415] player poise:break
[guest f2683 c1723677184] player attack:start
[guest f2728 c1748616613] enemy poise:break
[guest f2943 c1871360844] player attack:start
[guest f2979 c1892489396] enemy projectile:release
[guest f3015 c1913593789] enemy projectile:release
[guest f3213 c2025965058] enemy projectile:release
[guest f3249 c2046964884] enemy projectile:release
tick=852678761  cycles=2074685823  pc=0x8001d2d4  stopped-at=852678761
route-ticks=3629  port1-polls=3300
[cli] CPU display → /tmp/cortex-polish/charge-volley-native/final.ppm (320x240)
[cli] main RAM → /tmp/cortex-polish/charge-volley-native/ram.bin (2097152 bytes)
