23:48:04 | INFO: Data are loaded, start creating Blender stuff
23:48:04 | INFO: Blender create Mesh node Cylinder.010
23:48:04 | INFO: glTF import finished in 0.02s
INFO Draco mesh compression is available, use library at /Applications/Blender.app/Contents/Resources/4.4/scripts/addons_core/io_scene_gltf2/libextern_draco.dylib
23:48:04 | INFO: Starting glTF 2.0 export
23:48:04 | INFO: Extracting primitive: Cylinder.010
23:48:04 | WARNING: More than one shader node tex image used for a texture. The resulting glTF sampler will behave like the first shader node tex image.
23:48:04 | INFO: Primitives created: 1
23:48:04 | INFO: Finished glTF 2.0 export in 0.060853004455566406 s

HEAVY_REFINED alert 43
23:48:04 | INFO: Data are loaded, start creating Blender stuff
23:48:04 | INFO: Blender create Mesh node Cylinder.010
23:48:05 | INFO: glTF import finished in 0.02s
23:48:05 | INFO: Starting glTF 2.0 export
23:48:05 | INFO: Extracting primitive: Cylinder.010
23:48:05 | WARNING: More than one shader node tex image used for a texture. The resulting glTF sampler will behave like the first shader node tex image.
23:48:05 | INFO: Primitives created: 1
23:48:05 | INFO: Finished glTF 2.0 export in 0.04515790939331055 s

HEAVY_REFINED turn 31
Blender 4.4.3 (hash 802179c51ccc built 2025-04-29 14:25:11)

Blender quit
