warning: MIPS-I support is experimental
warning: MIPS-I support is experimental
   Compiling editor-playtest v0.1.0 (/private/tmp/cortex06-guest-build/stage/engine/examples/editor-playtest)
warning: MIPS-I support is experimental
warning: MIPS-I support is experimental
warning: MIPS-I support is experimental
warning: MIPS-I support is experimental
warning: MIPS-I support is experimental
warning: MIPS-I support is experimental
warning: MIPS-I support is experimental
warning: MIPS-I support is experimental
warning: MIPS-I support is experimental
warning: MIPS-I support is experimental
warning: MIPS-I support is experimental
   Compiling psx-spu v0.1.0 (/private/tmp/cortex06-guest-build/stage/sdk/crates/psx-spu)
warning: MIPS-I support is experimental
warning: MIPS-I support is experimental
warning: MIPS-I support is experimental
warning: MIPS-I support is experimental
warning: MIPS-I support is experimental
warning: MIPS-I support is experimental
warning: MIPS-I support is experimental
warning: MIPS-I support is experimental
   Compiling psx-sfx v0.1.0 (/private/tmp/cortex06-guest-build/stage/sdk/crates/psx-sfx)
warning: MIPS-I support is experimental
   Compiling psx-engine v0.1.0 (/private/tmp/cortex06-guest-build/stage/engine/crates/psx-engine)
warning: MIPS-I support is experimental
   Compiling psx-game-runtime v0.1.0 (/private/tmp/cortex06-guest-build/stage/engine/crates/psx-game-runtime)
   Compiling psx-bsp v0.1.0 (/private/tmp/cortex06-guest-build/stage/engine/crates/psx-bsp)
warning: MIPS-I support is experimental
warning: MIPS-I support is experimental
warning: associated function `cull_polygon` is never used
   --> /private/tmp/cortex06-guest-build/stage/engine/crates/psx-bsp/src/render.rs:776:8
    |
549 | impl FrustumPlanes {
    | ------------------ associated function in this implementation
...
776 |     fn cull_polygon(
    |        ^^^^^^^^^^^^
    |
    = note: `#[warn(dead_code)]` (part of `#[warn(unused)]`) on by default

warning: associated function `pxbsp_face_clip` is never used
    --> /private/tmp/cortex06-guest-build/stage/engine/crates/psx-bsp/src/render.rs:2446:15
     |
1310 | impl Renderer {
     | ------------- associated function in this implementation
...
2446 |     unsafe fn pxbsp_face_clip(
     |               ^^^^^^^^^^^^^^^

warning: `psx-bsp` (lib) generated 2 warnings
warning: MIPS-I support is experimental
warning: unused import: `INTERACTABLE_MESSAGE_PAGES`
   --> src/main.rs:206:5
    |
206 |     INTERACTABLE_MESSAGE_PAGES, LIGHTS, LOGIC, MATERIALS, MODELS, MODEL_CLIPS, MODEL_CLIP_BOUNDS,
    |     ^^^^^^^^^^^^^^^^^^^^^^^^^^
    |
    = note: `#[warn(unused_imports)]` (part of `#[warn(unused)]`) on by default

warning: fields `fps_window_start`, `fps_window_frames`, `fps_last_tick`, `fps_worst_gap`, `fps_display`, and `fps_display_worst` are never read
   --> src/main.rs:535:5
    |
297 | struct Playtest {
    |        -------- fields in this struct
...
535 |     fps_window_start: u32,
    |     ^^^^^^^^^^^^^^^^
536 |     fps_window_frames: u8,
    |     ^^^^^^^^^^^^^^^^^
537 |     fps_last_tick: u32,
    |     ^^^^^^^^^^^^^
538 |     fps_worst_gap: u8,
    |     ^^^^^^^^^^^^^
539 |     fps_display: u8,
    |     ^^^^^^^^^^^
540 |     fps_display_worst: u8,
    |     ^^^^^^^^^^^^^^^^^
    |
    = note: `#[warn(dead_code)]` (part of `#[warn(unused)]`) on by default

warning: method `mark_visible_room_unbuilt` is never used
   --> src/active_rooms.rs:344:19
    |
 39 | impl Playtest {
    | ------------- method in this implementation
...
344 |     pub(super) fn mark_visible_room_unbuilt(&mut self, index: RoomIndex) {
    |                   ^^^^^^^^^^^^^^^^^^^^^^^^^

warning: function `draw_interaction_prompt` is never used
  --> src/overlay.rs:46:15
   |
46 | pub(crate) fn draw_interaction_prompt(
   |               ^^^^^^^^^^^^^^^^^^^^^^^

warning: method `check_run_complete` is never used
    --> src/playtest_update.rs:1099:8
     |
  50 | impl Playtest {
     | ------------- method in this implementation
...
1099 |     fn check_run_complete(&mut self, ctx: &mut Ctx) {
     |        ^^^^^^^^^^^^^^^^^^

warning: constant `ENDING_SCENE_STATE_NAME` is never used
    --> src/playtest_update.rs:1147:7
     |
1147 | const ENDING_SCENE_STATE_NAME: &str = "Ending";
     |       ^^^^^^^^^^^^^^^^^^^^^^^

warning: function `current_room_surface_options` is never used
   --> src/runtime_config.rs:394:15
    |
394 | pub(super) fn current_room_surface_options(room_index: RoomIndex) -> WorldSurfaceOptions {
    |               ^^^^^^^^^^^^^^^^^^^^^^^^^^^^

warning: function `room_visibility_radius` is never used
   --> src/runtime_config.rs:426:15
    |
426 | pub(super) fn room_visibility_radius(record: &LevelRoomRecord) -> u16 {
    |               ^^^^^^^^^^^^^^^^^^^^^^

warning: used $at (currently $1) without ".set noat"
  |
note: instantiated into assembly here
 --> <inline asm>:1:7
  |
1 |     xori $1, $4, 0x07ff
  |          ^

warning: used $at (currently $1) without ".set noat"
  |
note: instantiated into assembly here
 --> <inline asm>:2:7
  |
2 | sltiu $1, $1, 1
  |       ^

warning: used $at (currently $1) without ".set noat"
  |
note: instantiated into assembly here
 --> <inline asm>:2:11
  |
2 | sltiu $1, $1, 1
  |           ^

warning: used $at (currently $1) without ".set noat"
  |
note: instantiated into assembly here
 --> <inline asm>:5:5
  |
5 | sll $1, $1, 1
  |     ^

warning: used $at (currently $1) without ".set noat"
  |
note: instantiated into assembly here
 --> <inline asm>:5:9
  |
5 | sll $1, $1, 1
  |         ^

warning: used $at (currently $1) without ".set noat"
  |
note: instantiated into assembly here
 --> <inline asm>:6:14
  |
6 | addu $4, $4, $1
  |              ^

warning: used $at (currently $1) without ".set noat"
  |
note: instantiated into assembly here
 --> <inline asm>:1:7
  |
1 |     xori $1, $9, 0x07ff
  |          ^

warning: used $at (currently $1) without ".set noat"
  |
note: instantiated into assembly here
 --> <inline asm>:6:14
  |
6 | addu $9, $9, $1
  |              ^

warning: used $at (currently $1) without ".set noat"
  |
note: instantiated into assembly here
 --> <inline asm>:1:7
  |
1 |     xori $1, $7, 0x07ff
  |          ^

warning: used $at (currently $1) without ".set noat"
  |
note: instantiated into assembly here
 --> <inline asm>:6:14
  |
6 | addu $7, $7, $1
  |              ^

warning: used $at (currently $1) without ".set noat"
  |
note: instantiated into assembly here
 --> <inline asm>:1:7
  |
1 |     xori $1, $3, 0x07ff
  |          ^

warning: used $at (currently $1) without ".set noat"
  |
note: instantiated into assembly here
 --> <inline asm>:6:14
  |
6 | addu $3, $3, $1
  |              ^

warning: used $at (currently $1) without ".set noat"
  |
note: instantiated into assembly here
 --> <inline asm>:1:7
  |
1 |     xori $1, $25, 0x07ff
  |          ^

warning: used $at (currently $1) without ".set noat"
  |
note: instantiated into assembly here
 --> <inline asm>:6:16
  |
6 | addu $25, $25, $1
  |                ^

warning: used $at (currently $1) without ".set noat"
  |
note: instantiated into assembly here
 --> <inline asm>:1:7
  |
1 |     xori $1, $15, 0x07ff
  |          ^

warning: used $at (currently $1) without ".set noat"
  |
note: instantiated into assembly here
 --> <inline asm>:6:16
  |
6 | addu $15, $15, $1
  |                ^

warning: used $at (currently $1) without ".set noat"
  |
note: instantiated into assembly here
 --> <inline asm>:1:7
  |
1 |     xori $1, $gp, 0x07ff
  |          ^

warning: used $at (currently $1) without ".set noat"
  |
note: instantiated into assembly here
 --> <inline asm>:6:16
  |
6 | addu $gp, $gp, $1
  |                ^

warning: used $at (currently $1) without ".set noat"
  |
note: instantiated into assembly here
 --> <inline asm>:1:7
  |
1 |     xori $1, $18, 0x07ff
  |          ^

warning: used $at (currently $1) without ".set noat"
  |
note: instantiated into assembly here
 --> <inline asm>:6:16
  |
6 | addu $18, $18, $1
  |                ^

warning: used $at (currently $1) without ".set noat"
  |
note: instantiated into assembly here
 --> <inline asm>:1:7
  |
1 |     xori $1, $5, 0x07ff
  |          ^

warning: used $at (currently $1) without ".set noat"
  |
note: instantiated into assembly here
 --> <inline asm>:6:14
  |
6 | addu $5, $5, $1
  |              ^

warning: used $at (currently $1) without ".set noat"
  |
note: instantiated into assembly here
 --> <inline asm>:1:7
  |
1 |     xori $1, $17, 0x07ff
  |          ^

warning: used $at (currently $1) without ".set noat"
  |
note: instantiated into assembly here
 --> <inline asm>:6:16
  |
6 | addu $17, $17, $1
  |                ^

warning: used $at (currently $1) without ".set noat"
  |
note: instantiated into assembly here
 --> <inline asm>:1:7
  |
1 |     xori $1, $10, 0x07ff
  |          ^

warning: used $at (currently $1) without ".set noat"
  |
note: instantiated into assembly here
 --> <inline asm>:6:16
  |
6 | addu $10, $10, $1
  |                ^

warning: used $at (currently $1) without ".set noat"
  |
note: instantiated into assembly here
 --> <inline asm>:1:7
  |
1 |     xori $1, $6, 0x07ff
  |          ^

warning: used $at (currently $1) without ".set noat"
  |
note: instantiated into assembly here
 --> <inline asm>:6:14
  |
6 | addu $6, $6, $1
  |              ^

warning: used $at (currently $1) without ".set noat"
  |
note: instantiated into assembly here
 --> <inline asm>:1:7
  |
1 |     xori $1, $13, 0x07ff
  |          ^

warning: used $at (currently $1) without ".set noat"
  |
note: instantiated into assembly here
 --> <inline asm>:6:16
  |
6 | addu $13, $13, $1
  |                ^

warning: used $at (currently $1) without ".set noat"
  |
note: instantiated into assembly here
 --> <inline asm>:1:7
  |
1 |     xori $1, $14, 0x07ff
  |          ^

warning: used $at (currently $1) without ".set noat"
  |
note: instantiated into assembly here
 --> <inline asm>:6:16
  |
6 | addu $14, $14, $1
  |                ^

warning: used $at (currently $1) without ".set noat"
  |
note: instantiated into assembly here
 --> <inline asm>:1:7
  |
1 |     xori $1, $8, 0x07ff
  |          ^

warning: used $at (currently $1) without ".set noat"
  |
note: instantiated into assembly here
 --> <inline asm>:6:14
  |
6 | addu $8, $8, $1
  |              ^

warning: used $at (currently $1) without ".set noat"
  |
note: instantiated into assembly here
 --> <inline asm>:1:7
  |
1 |     xori $1, $11, 0x07ff
  |          ^

warning: used $at (currently $1) without ".set noat"
  |
note: instantiated into assembly here
 --> <inline asm>:6:16
  |
6 | addu $11, $11, $1
  |                ^

warning: used $at (currently $1) without ".set noat"
  |
note: instantiated into assembly here
 --> <inline asm>:1:7
  |
1 |     xori $1, $24, 0x07ff
  |          ^

warning: used $at (currently $1) without ".set noat"
  |
note: instantiated into assembly here
 --> <inline asm>:6:16
  |
6 | addu $24, $24, $1
  |                ^

warning: `editor-playtest` (bin "editor-playtest") generated 110 warnings (64 duplicates) (run `cargo fix --bin "editor-playtest" -p editor-playtest` to apply 1 suggestion)
    Finished `release` profile [optimized] target(s) in 9.28s
[guest-build] canonical stage /tmp/cortex06-guest-build/stage
[guest-build] b6eb3d9df1de3e463f7fd559d9877907cf58773d38efde4173a2326cac88b5db  build/examples/mipsel-sony-psx/release/editor-playtest.exe
wrote /Users/ebonura/Desktop/repos/PSoXide/editor/projects/cortex-ignition-tech-demo-0.4b/baked/cortex_ignition_tech_demo_0_4b.cue
wrote /Users/ebonura/Desktop/repos/PSoXide/editor/projects/cortex-ignition-tech-demo-0.4b/baked/cortex_ignition_tech_demo_0_4b.bin (28438032 bytes = 12091 sectors, raw .bin) from /Users/ebonura/Desktop/repos/PSoXide/editor/projects/cortex-ignition-tech-demo-0.4b/baked/cortex_ignition_tech_demo_0_4b.exe
