[cli] loaded poll-bound input tape editor/archive/fixtures/cortex-0.4/whole-level.pxtape (5083 polls, starting at poll 177)
[frontend] embedded Play disc fast-booted editor/projects/cortex-ignition-tech-demo-0.4b/baked/cortex_ignition_tech_demo_0_4b.cue via PSX.EXE;1 entry=0x80010000 payload=1136640B
[cli] mounted cue-backed disc editor/projects/cortex-ignition-tech-demo-0.4b/baked/cortex_ignition_tech_demo_0_4b.cue
[cdda] play track bcd=0x03 (decimal 3)
[guest f1972 c1318537931] player lock:on
combat music:on
[cdda] play track bcd=0x02 (decimal 2)
[guest f2102 c1392168030] enemy poise:break
[guest f2207 c1452973985] enemy projectile:release
[guest f2239 c1470519427] enemy poise:break
[guest f2323 c1519238244] player poise:break
[guest f2338 c1527473990] player stance:swap
[guest f2438 c1584731409] enemy poise:break
combat music:off
[guest f3986 c2468838441] player lock:off
[guest f4293 c2644129461] player lock:off
tick=1341232621  cycles=3190309744  pc=0x8001d2d4  stopped-at=1341232621
route-ticks=5582  port1-polls=5251
guest_profile_frames=5249
guest_profile_frame_meaning=frame_begin_markers
guest_profile_pacing:
  sim_ticks=5249
  visual_frames=1996
  visual_skipped_vblanks=2624
  visual_deadline_misses=580
  visual_interval_vblanks=2
  visual_max_lateness_vblanks=24
  update_cycles_per_sim_tick=127210
  render_cycles_per_visual_frame=1064780
  visual_budget_cycles=1128960  vblanks=2.00  cycles_per_vblank=564480
  visual_budget_status=pass
  cadence_status=missed_or_late
guest_profile_render_breakdown:
  sky                pct=  4.9 per_render=26250 cycles=104868701
  far vista          pct=  0.0 per_render=1 cycles=3526
  room               pct= 47.8 per_render=254189 cycles=1015483604
  markers            pct=  0.0 per_render=1 cycles=5289
  image props        pct=  0.0 per_render=41 cycles=164765
  models             pct=  8.7 per_render=46447 cycles=185555223
  player             pct= 20.6 per_render=109444 cycles=437227821
  equipment          pct=  2.2 per_render=11890 cycles=47502172
  flush/sort         pct=  1.1 per_render=5991 cycles=23935087
  ot submit          pct=  0.0 per_render=30 cycles=121688
  ot wait            pct=  0.0 per_render=211 cycles=841165
  other              pct= 14.6 per_render=77495 cycles=309592746
guest_profile_tasks:
  visual render      total=2120742377 per_hit=1061433 max_hit=8465181 hits=1998
guest_profile_stages:
  update             total=667727052  per_frame=127210 per_hit=127210 max_hit=69107234 hits=5249
  frame clear        total=177296     per_frame=34 per_hit=89 max_hit=118 hits=1997
  render total       total=2125301787 per_frame=404896 per_hit=531990 max_hit=8464421 hits=3995
  present/wait       total=318671570  per_frame=60711 per_hit=84798 max_hit=456587 hits=3758
  camera             total=79406065   per_frame=15128 per_hit=16784 max_hit=28014 hits=4731
  room               total=1015483604 per_frame=193462 per_hit=575998 max_hit=8251282 hits=1763
  entity markers     total=5289       per_frame=1 per_hit=3 max_hit=3 hits=1763
  model instances    total=185555223  per_frame=35351 per_hit=105250 max_hit=661484 hits=1763
  player             total=437227821  per_frame=83297 per_hit=248002 max_hit=702798 hits=1763
  world flush/sort   total=23935087   per_frame=4560 per_hit=13576 max_hit=24092 hits=1763
  ot submit (kick)   total=121688     per_frame=23 per_hit=69 max_hit=77 hits=1762
  equipment          total=47502172   per_frame=9050 per_hit=13472 max_hit=385682 hits=3526
  model bounds       total=1717822    per_frame=327 per_hit=1149 max_hit=1321 hits=1495
  model draw         total=155831676  per_frame=29688 per_hit=198765 max_hit=634622 hits=784
  player bounds      total=2484380    per_frame=473 per_hit=1409 max_hit=1522 hits=1763
  player draw        total=388694994  per_frame=74051 per_hit=220599 max_hit=673060 hits=1762
  mdl joints         total=158678531  per_frame=30230 per_hit=55173 max_hit=133511 hits=2876
  mdl project        total=112610866  per_frame=21454 per_hit=39155 max_hit=64297 hits=2876
  mdl faces          total=266450059  per_frame=50762 per_hit=92646 max_hit=542294 hits=2876
  vram upload        total=37081609   per_frame=7065 per_hit=842764 max_hit=33440096 hits=44
  cd room chunk load total=108147144  per_frame=20603 per_hit=1257525 max_hit=7128118 hits=86
  sky                total=104868701  per_frame=19979 per_hit=59483 max_hit=201080 hits=1763
  far vista          total=3526       per_frame=1 per_hit=2 max_hit=2 hits=1763
  image props        total=164765     per_frame=31 per_hit=93 max_hit=101 hits=1763
  sim collision      total=3759375    per_frame=716 per_hit=795 max_hit=978 hits=4731
  sim room track     total=33426      per_frame=6 per_hit=7 max_hit=16 hits=4731
  sim solve          total=126257156  per_frame=24054 per_hit=26687 max_hit=125758 hits=4731
  ot wait (gpu/dma)  total=841165     per_frame=160 per_hit=224 max_hit=49693 hits=3759
  update actor       total=25543186   per_frame=4866 per_hit=5399 max_hit=22662 hits=4731
  update window      total=9462       per_frame=2 per_hit=2 max_hit=2 hits=4731
  game logic         total=69024689   per_frame=13150 per_hit=14590 max_hit=51264 hits=4731
guest_profile_counters:
  tri prims          total=1411048    per_frame=269 latest=767
  world commands     total=613784     per_frame=117 latest=225
  model draws        total=784        per_frame=0 latest=0
  model verts        total=354753     per_frame=68 latest=0
  model tris         total=186292     per_frame=35 latest=0
  model culled       total=224737     per_frame=43 latest=0
  model dropped      total=6073       per_frame=1 latest=0
  player verts       total=466930     per_frame=89 latest=265
  player tris        total=391911     per_frame=75 latest=223
  player culled      total=497675     per_frame=95 latest=283
  player dropped     total=1986       per_frame=0 latest=0
  equipment draws    total=422        per_frame=0 latest=0
  equipment verts    total=16272      per_frame=3 latest=0
  equipment tris     total=12680      per_frame=2 latest=0
  equipment culled   total=14140      per_frame=3 latest=0
  model bound tests  total=1495       per_frame=0 latest=1
  model bound culled total=711        per_frame=0 latest=1
  player bound tests total=1763       per_frame=0 latest=1
  mdl joints         total=63425      per_frame=12 latest=26
  mdl parts          total=63369      per_frame=12 latest=26
  mdl verts          total=837955     per_frame=160 latest=265
  mdl faces          total=1334018    per_frame=254 latest=506
  tri slots free     total=1442945    per_frame=275 latest=876
  room texture uploads total=18         per_frame=0 latest=1
  model atlas uploads total=3          per_frame=0 latest=1
  sim ticks          total=5249       per_frame=1 latest=1
  visual frames      total=1996       per_frame=0 latest=1
  visual skipped vblanks total=2624       per_frame=0 latest=1
  visual deadline misses total=580        per_frame=0 latest=1
  visual interval vblanks total=10498      per_frame=2 latest=2
  visual max lateness vblanks total=625        per_frame=0 latest=0
  cd room chunk bytes total=650848     per_frame=124 latest=650848
  cd room chunk sectors total=343        per_frame=0 latest=7
  cd room chunk loads total=47         per_frame=0 latest=47
  player local x     total=1764547890 per_frame=336168 latest=1001413
  player local z     total=1760763647 per_frame=335447 latest=999029
  player view yaw q12 total=3349435    per_frame=638 latest=2017
  camera local x     total=1764485758 per_frame=336157 latest=1001425
  camera local z     total=1760880266 per_frame=335470 latest=998832
  camera view sin yaw q12 biased total=6074178    per_frame=1157 latest=4345
  camera view cos yaw q12 biased total=9551890    per_frame=1820 latest=0
  camera local y     total=1763534358 per_frame=335975 latest=1000386
  camera view sin pitch q12 biased total=4915089    per_frame=936 latest=2067
  camera view cos pitch q12 biased total=14016384   per_frame=2670 latest=7666
  camera global x    total=1763000000 per_frame=335874 latest=1000000
  camera global y    total=1763000000 per_frame=335874 latest=1000000
  camera global z    total=1763000000 per_frame=335874 latest=1000000
  mdl cpu blend verts total=83845      per_frame=16 latest=32
  mdl packed faces   total=1334018    per_frame=254 latest=506
  mdl packed unclamped faces total=1318984    per_frame=251 latest=506
  mdl packed general faces total=15034      per_frame=3 latest=506
  mdl near drops     total=8059       per_frame=2 latest=185
  mdl fast tris      total=589407     per_frame=112 latest=223
  mdl cpu blend submits total=2546       per_frame=0 latest=1
  mdl primary joint submits total=330        per_frame=0 latest=1
  mdl all front submits total=2847       per_frame=1 latest=1
  mdl all hw bounds submits total=2876       per_frame=1 latest=1
  mdl packed unclamped eligible total=2847       per_frame=1 latest=1
  mdl packed general eligible total=29         per_frame=0 latest=1
  vram slots freed   total=7          per_frame=0 latest=1
  game entities thought total=687        per_frame=0 latest=0
  game entity patrol enters total=4          per_frame=0 latest=1
  game entity aggro enters total=6          per_frame=0 latest=1
  game entity windup enters total=4          per_frame=0 latest=1
  game entity attack enters total=4          per_frame=0 latest=1
  game entity stagger enters total=3          per_frame=0 latest=1
  game entity deaths total=1          per_frame=0 latest=1
  player melee hits  total=4          per_frame=0 latest=1
  player hits taken  total=1          per_frame=0 latest=1
  player attack starts total=9          per_frame=0 latest=1
  player duplicate hit rejections total=111        per_frame=0 latest=1
  player weapon attachments total=1          per_frame=0 latest=1
  game entity pvs suppressions total=14890      per_frame=3 latest=3
  player facing yaw q12 total=3012493    per_frame=574 latest=5
  player render forward x q12 biased total=7771563    per_frame=1481 latest=4127
  player render forward z q12 biased total=6106761    per_frame=1163 latest=8192
  player anim action total=42295      per_frame=8 latest=0
  player local y biased total=1763325616 per_frame=335936 latest=1000224
  unknown            total=253400251  per_frame=48276 latest=22681
gte_profile:
  ops=6525086  per_guest_frame=1243
  estimated_cycles=61428123  per_guest_frame=11703
  estimated_cycles_per_visual_frame=30775  (2.7% of the 1128960-cycle render budget, ~97.3% GTE headroom)
  opcodes:
    0x01 RTPS   count=212015     per_guest_frame=40
    0x06 NCLIP  count=1309708    per_guest_frame=250
    0x12 MVMVA  count=4487141    per_guest_frame=855
    0x30 RTPT   count=516222     per_guest_frame=98
[cli] CPU display → /tmp/cortex04b-debug/combat-native/final.ppm (320x240)
