23:40:24 | INFO: Data are loaded, start creating Blender stuff
23:40:24 | INFO: Blender create Mesh node Cylinder.006
23:40:24 | INFO: glTF import finished in 0.01s
23:40:24 | INFO: Data are loaded, start creating Blender stuff
23:40:24 | INFO: Blender create Mesh node Cylinder.006
23:40:24 | INFO: glTF import finished in 0.01s
AIM_SOURCE_FRAMES (0.0, 137.5)
REST_MATCH Hips (-1.5708, -0.0, -0.0)
REST_MATCH Spine (-1.5708, -0.0, -0.0)
REST_MATCH Spine1 (-1.5708, -0.0, 0.0)
REST_MATCH Spine2 (-1.5708, 0.0, 0.0)
REST_MATCH Neck (-1.5708, -0.0, -0.0)
REST_MATCH Head (-1.5708, 0.0, 0.0)
REST_MATCH LeftShoulder (-1.5707, -1.5702, 1.5697)
REST_MATCH LeftArm (1.5589, -1.5389, -1.5659)
REST_MATCH LeftForeArm (1.5662, -1.5645, -1.5492)
REST_MATCH LeftHand (1.5659, -1.5641, -1.5477)
REST_MATCH RightShoulder (1.5712, 1.5702, 1.5702)
REST_MATCH RightArm (1.5586, 1.5395, 1.5664)
REST_MATCH RightForeArm (1.5669, 1.567, 1.5552)
REST_MATCH RightHand (1.5636, 1.564, 1.5428)
REST_MATCH LeftUpLeg (-1.5708, -0.0, -0.0)
REST_MATCH LeftLeg (-1.5708, -0.0, -0.0)
REST_MATCH LeftFoot (-1.5708, -0.0, -0.0)
REST_MATCH LeftToeBase (-1.5708, -0.0, -0.0)
REST_MATCH RightUpLeg (-1.5708, -0.0, -0.0)
REST_MATCH RightLeg (-1.5708, -0.0, -0.0)
REST_MATCH RightFoot (-1.5708, 0.0, 0.0)
REST_MATCH RightToeBase (-1.5708, -0.0, 0.0)
REST_MATCH RightToe_End (-1.5708, -0.0, -0.0)
INFO Draco mesh compression is available, use library at /Applications/Blender.app/Contents/Resources/4.4/scripts/addons_core/io_scene_gltf2/libextern_draco.dylib
23:40:24 | INFO: Starting glTF 2.0 export
23:40:24 | INFO: Extracting primitive: Cylinder.006
23:40:24 | WARNING: More than one shader node tex image used for a texture. The resulting glTF sampler will behave like the first shader node tex image.
23:40:24 | INFO: Primitives created: 1
23:40:24 | INFO: Finished glTF 2.0 export in 0.0971689224243164 s

Info: Saved "charge_volley_refined.blend"
REFINED_CHARGE_EXPORTED 96
Blender 4.4.3 (hash 802179c51ccc built 2025-04-29 14:25:11)

Blender quit
